------------------------------------------------------------
Timing Analyzer Summary
------------------------------------------------------------

Type  : Slow 1200mV 85C Model Setup 'Clock_dividers:inst4|Clock_divider_512:inst|inst9'
Slack : -17.421
TNS   : -10560.790

Type  : Slow 1200mV 85C Model Setup 'Auto_Clock'
Slack : -15.125
TNS   : -8980.197

Type  : Slow 1200mV 85C Model Setup 'Board_Clock'
Slack : -2.384
TNS   : -5.893

Type  : Slow 1200mV 85C Model Setup 'Clock_dividers:inst4|Clock_divider_512:inst2|inst9'
Slack : -2.307
TNS   : -6.217

Type  : Slow 1200mV 85C Model Hold 'Auto_Clock'
Slack : -0.912
TNS   : -2.736

Type  : Slow 1200mV 85C Model Hold 'Board_Clock'
Slack : 0.402
TNS   : 0.000

Type  : Slow 1200mV 85C Model Hold 'Clock_dividers:inst4|Clock_divider_512:inst|inst9'
Slack : 0.402
TNS   : 0.000

Type  : Slow 1200mV 85C Model Hold 'Clock_dividers:inst4|Clock_divider_512:inst2|inst9'
Slack : 0.403
TNS   : 0.000

Type  : Slow 1200mV 85C Model Recovery 'Clock_dividers:inst4|Clock_divider_512:inst|inst9'
Slack : -1.810
TNS   : -1235.788

Type  : Slow 1200mV 85C Model Recovery 'Auto_Clock'
Slack : -0.691
TNS   : -470.392

Type  : Slow 1200mV 85C Model Removal 'Auto_Clock'
Slack : 0.823
TNS   : 0.000

Type  : Slow 1200mV 85C Model Removal 'Clock_dividers:inst4|Clock_divider_512:inst|inst9'
Slack : 2.021
TNS   : 0.000

Type  : Slow 1200mV 85C Model Minimum Pulse Width 'Auto_Clock'
Slack : -3.000
TNS   : -881.940

Type  : Slow 1200mV 85C Model Minimum Pulse Width 'Board_Clock'
Slack : -3.000
TNS   : -14.565

Type  : Slow 1200mV 85C Model Minimum Pulse Width 'Clock_dividers:inst4|Clock_divider_512:inst|inst9'
Slack : -1.285
TNS   : -886.650

Type  : Slow 1200mV 85C Model Minimum Pulse Width 'Clock_dividers:inst4|Clock_divider_512:inst2|inst9'
Slack : -1.285
TNS   : -11.565

Type  : Slow 1200mV 85C Model Minimum Pulse Width 'Clock_dividers:inst4|Clock_divider_4_16_and_64:inst4|inst2'
Slack : -1.285
TNS   : -2.570

Type  : Slow 1200mV 0C Model Setup 'Clock_dividers:inst4|Clock_divider_512:inst|inst9'
Slack : -15.952
TNS   : -9627.510

Type  : Slow 1200mV 0C Model Setup 'Auto_Clock'
Slack : -13.846
TNS   : -8178.249

Type  : Slow 1200mV 0C Model Setup 'Board_Clock'
Slack : -2.092
TNS   : -4.549

Type  : Slow 1200mV 0C Model Setup 'Clock_dividers:inst4|Clock_divider_512:inst2|inst9'
Slack : -2.035
TNS   : -4.869

Type  : Slow 1200mV 0C Model Hold 'Auto_Clock'
Slack : -0.773
TNS   : -2.317

Type  : Slow 1200mV 0C Model Hold 'Board_Clock'
Slack : 0.353
TNS   : 0.000

Type  : Slow 1200mV 0C Model Hold 'Clock_dividers:inst4|Clock_divider_512:inst|inst9'
Slack : 0.353
TNS   : 0.000

Type  : Slow 1200mV 0C Model Hold 'Clock_dividers:inst4|Clock_divider_512:inst2|inst9'
Slack : 0.354
TNS   : 0.000

Type  : Slow 1200mV 0C Model Recovery 'Clock_dividers:inst4|Clock_divider_512:inst|inst9'
Slack : -1.512
TNS   : -1031.018

Type  : Slow 1200mV 0C Model Recovery 'Auto_Clock'
Slack : -0.566
TNS   : -383.954

Type  : Slow 1200mV 0C Model Removal 'Auto_Clock'
Slack : 0.861
TNS   : 0.000

Type  : Slow 1200mV 0C Model Removal 'Clock_dividers:inst4|Clock_divider_512:inst|inst9'
Slack : 1.878
TNS   : 0.000

Type  : Slow 1200mV 0C Model Minimum Pulse Width 'Auto_Clock'
Slack : -3.000
TNS   : -881.940

Type  : Slow 1200mV 0C Model Minimum Pulse Width 'Board_Clock'
Slack : -3.000
TNS   : -14.565

Type  : Slow 1200mV 0C Model Minimum Pulse Width 'Clock_dividers:inst4|Clock_divider_512:inst|inst9'
Slack : -1.285
TNS   : -886.650

Type  : Slow 1200mV 0C Model Minimum Pulse Width 'Clock_dividers:inst4|Clock_divider_512:inst2|inst9'
Slack : -1.285
TNS   : -11.565

Type  : Slow 1200mV 0C Model Minimum Pulse Width 'Clock_dividers:inst4|Clock_divider_4_16_and_64:inst4|inst2'
Slack : -1.285
TNS   : -2.570

Type  : Fast 1200mV 0C Model Setup 'Clock_dividers:inst4|Clock_divider_512:inst|inst9'
Slack : -8.757
TNS   : -5294.430

Type  : Fast 1200mV 0C Model Setup 'Auto_Clock'
Slack : -6.983
TNS   : -4078.631

Type  : Fast 1200mV 0C Model Setup 'Board_Clock'
Slack : -0.836
TNS   : -0.836

Type  : Fast 1200mV 0C Model Setup 'Clock_dividers:inst4|Clock_divider_512:inst2|inst9'
Slack : -0.623
TNS   : -0.623

Type  : Fast 1200mV 0C Model Hold 'Auto_Clock'
Slack : -0.611
TNS   : -1.833

Type  : Fast 1200mV 0C Model Hold 'Board_Clock'
Slack : 0.180
TNS   : 0.000

Type  : Fast 1200mV 0C Model Hold 'Clock_dividers:inst4|Clock_divider_512:inst2|inst9'
Slack : 0.181
TNS   : 0.000

Type  : Fast 1200mV 0C Model Hold 'Clock_dividers:inst4|Clock_divider_512:inst|inst9'
Slack : 0.181
TNS   : 0.000

Type  : Fast 1200mV 0C Model Recovery 'Clock_dividers:inst4|Clock_divider_512:inst|inst9'
Slack : -0.583
TNS   : -397.639

Type  : Fast 1200mV 0C Model Recovery 'Auto_Clock'
Slack : 0.089
TNS   : 0.000

Type  : Fast 1200mV 0C Model Removal 'Auto_Clock'
Slack : 0.304
TNS   : 0.000

Type  : Fast 1200mV 0C Model Removal 'Clock_dividers:inst4|Clock_divider_512:inst|inst9'
Slack : 1.030
TNS   : 0.000

Type  : Fast 1200mV 0C Model Minimum Pulse Width 'Auto_Clock'
Slack : -3.000
TNS   : -807.448

Type  : Fast 1200mV 0C Model Minimum Pulse Width 'Board_Clock'
Slack : -3.000
TNS   : -12.540

Type  : Fast 1200mV 0C Model Minimum Pulse Width 'Clock_dividers:inst4|Clock_divider_512:inst|inst9'
Slack : -1.000
TNS   : -690.000

Type  : Fast 1200mV 0C Model Minimum Pulse Width 'Clock_dividers:inst4|Clock_divider_512:inst2|inst9'
Slack : -1.000
TNS   : -9.000

Type  : Fast 1200mV 0C Model Minimum Pulse Width 'Clock_dividers:inst4|Clock_divider_4_16_and_64:inst4|inst2'
Slack : -1.000
TNS   : -2.000

------------------------------------------------------------
